This is pdfTeX, Version 3.141592653-2.6-1.40.25 (TeX Live 2023/Debian) (preloaded format=pdflatex 2026.3.18)  27 MAY 2026 21:44
entering extended mode
 restricted \write18 enabled.
 file:line:error style messages enabled.
 %&-line parsing enabled.
**templateBase.tex
(./templateBase.tex
LaTeX2e <2023-11-01> patch level 1
L3 programming layer <2024-01-22>
(/usr/share/texlive/texmf-dist/tex/latex/base/article.cls
Document Class: article 2023/05/17 v1.4n Standard LaTeX document class
(/usr/share/texlive/texmf-dist/tex/latex/base/size10.clo
File: size10.clo 2023/05/17 v1.4n Standard LaTeX file (size option)
)
\c@part=\count187
\c@section=\count188
\c@subsection=\count189
\c@subsubsection=\count190
\c@paragraph=\count191
\c@subparagraph=\count192
\c@figure=\count193
\c@table=\count194
\abovecaptionskip=\skip48
\belowcaptionskip=\skip49
\bibindent=\dimen140
) (/usr/share/texlive/texmf-dist/tex/latex/amsmath/amsmath.sty
Package: amsmath 2023/05/13 v2.17o AMS math features
\@mathmargin=\skip50

For additional information on amsmath, use the `?' option.
(/usr/share/texlive/texmf-dist/tex/latex/amsmath/amstext.sty
Package: amstext 2021/08/26 v2.01 AMS text
 (/usr/share/texlive/texmf-dist/tex/latex/amsmath/amsgen.sty
File: amsgen.sty 1999/11/30 v2.0 generic functions
\@emptytoks=\toks17
\ex@=\dimen141
)) (/usr/share/texlive/texmf-dist/tex/latex/amsmath/amsbsy.sty
Package: amsbsy 1999/11/29 v1.2d Bold Symbols
\pmbraise@=\dimen142
) (/usr/share/texlive/texmf-dist/tex/latex/amsmath/amsopn.sty
Package: amsopn 2022/04/08 v2.04 operator names
)
\inf@bad=\count195
LaTeX Info: Redefining \frac on input line 234.
\uproot@=\count196
\leftroot@=\count197
LaTeX Info: Redefining \overline on input line 399.
LaTeX Info: Redefining \colon on input line 410.
\classnum@=\count198
\DOTSCASE@=\count199
LaTeX Info: Redefining \ldots on input line 496.
LaTeX Info: Redefining \dots on input line 499.
LaTeX Info: Redefining \cdots on input line 620.
\Mathstrutbox@=\box51
\strutbox@=\box52
LaTeX Info: Redefining \big on input line 722.
LaTeX Info: Redefining \Big on input line 723.
LaTeX Info: Redefining \bigg on input line 724.
LaTeX Info: Redefining \Bigg on input line 725.
\big@size=\dimen143
LaTeX Font Info:    Redeclaring font encoding OML on input line 743.
LaTeX Font Info:    Redeclaring font encoding OMS on input line 744.
\macc@depth=\count266
LaTeX Info: Redefining \bmod on input line 905.
LaTeX Info: Redefining \pmod on input line 910.
LaTeX Info: Redefining \smash on input line 940.
LaTeX Info: Redefining \relbar on input line 970.
LaTeX Info: Redefining \Relbar on input line 971.
\c@MaxMatrixCols=\count267
\dotsspace@=\muskip16
\c@parentequation=\count268
\dspbrk@lvl=\count269
\tag@help=\toks18
\row@=\count270
\column@=\count271
\maxfields@=\count272
\andhelp@=\toks19
\eqnshift@=\dimen144
\alignsep@=\dimen145
\tagshift@=\dimen146
\tagwidth@=\dimen147
\totwidth@=\dimen148
\lineht@=\dimen149
\@envbody=\toks20
\multlinegap=\skip51
\multlinetaggap=\skip52
\mathdisplay@stack=\toks21
LaTeX Info: Redefining \[ on input line 2953.
LaTeX Info: Redefining \] on input line 2954.
) (/usr/share/texlive/texmf-dist/tex/latex/preprint/fullpage.sty
Package: fullpage 1999/02/23 1.1 (PWD)
\FP@margin=\skip53
) (/usr/share/texlive/texmf-dist/tex/latex/graphics/graphicx.sty
Package: graphicx 2021/09/16 v1.2d Enhanced LaTeX Graphics (DPC,SPQR)
 (/usr/share/texlive/texmf-dist/tex/latex/graphics/keyval.sty
Package: keyval 2022/05/29 v1.15 key=value parser (DPC)
\KV@toks@=\toks22
) (/usr/share/texlive/texmf-dist/tex/latex/graphics/graphics.sty
Package: graphics 2022/03/10 v1.4e Standard LaTeX Graphics (DPC,SPQR)
 (/usr/share/texlive/texmf-dist/tex/latex/graphics/trig.sty
Package: trig 2021/08/11 v1.11 sin cos tan (DPC)
) (/usr/share/texlive/texmf-dist/tex/latex/graphics-cfg/graphics.cfg
File: graphics.cfg 2016/06/04 v1.11 sample graphics configuration
)
Package graphics Info: Driver file: pdftex.def on input line 107.
 (/usr/share/texlive/texmf-dist/tex/latex/graphics-def/pdftex.def
File: pdftex.def 2022/09/22 v1.2b Graphics/color driver for pdftex
))
\Gin@req@height=\dimen150
\Gin@req@width=\dimen151
) (/usr/share/texlive/texmf-dist/tex/generic/babel/babel.sty
Package: babel 2024/01/07 v24.1 The Babel package
\babel@savecnt=\count273
\U@D=\dimen152
\l@unhyphenated=\language10
 (/usr/share/texlive/texmf-dist/tex/generic/babel/txtbabel.def)
\bbl@readstream=\read2
\bbl@dirlevel=\count274
 (/usr/share/texlive/texmf-dist/tex/generic/babel-portuges/portuguese.ldf
Language: portuges 2021/07/09 v1.2t Portuguese support from the babel system
Package babel Info: Making " an active character on input line 143.
)) (/usr/share/texlive/texmf-dist/tex/generic/babel/locale/pt/babel-portuguese.tex
Package babel Info: Importing font and identification data for portuguese
(babel)             from babel-pt.ini. Reported on input line 11.
) (/usr/share/texlive/texmf-dist/tex/latex/fancyhdr/fancyhdr.sty
Package: fancyhdr 2022/11/09 v4.1 Extensive control of page headers and footers
\f@nch@headwidth=\skip54
\f@nch@O@elh=\skip55
\f@nch@O@erh=\skip56
\f@nch@O@olh=\skip57
\f@nch@O@orh=\skip58
\f@nch@O@elf=\skip59
\f@nch@O@erf=\skip60
\f@nch@O@olf=\skip61
\f@nch@O@orf=\skip62
) (/usr/share/texlive/texmf-dist/tex/latex/lastpage/lastpage.sty
Package: lastpage 2023/10/14 v2.0e lastpage: 2.09 or 2e? (HMM)
 (/usr/share/texlive/texmf-dist/tex/latex/lastpage/lastpage2e.sty
Package: lastpage2e 2023/10/14 v2.0e Decide which 2e lastpage version to use (HMM)
 (/usr/share/texlive/texmf-dist/tex/latex/lastpage/lastpagemodern.sty
Package: lastpagemodern 2023-10-14 v2.0e Refers to last page's name (HMM; JPG)
\c@lastpagecount=\count275
) 
)) (/usr/share/texlive/texmf-dist/tex/latex/l3backend/l3backend-pdftex.def
File: l3backend-pdftex.def 2024-01-04 L3 backend support: PDF output (pdfTeX)
\l__color_backend_stack_int=\count276
\l__pdf_internal_box=\box53
) (./templateBase.aux

LaTeX Warning: Label `fig:' multiply defined.


LaTeX Warning: Label `fig:' multiply defined.


LaTeX Warning: Label `fig:' multiply defined.


LaTeX Warning: Label `fig:' multiply defined.


LaTeX Warning: Label `fig:' multiply defined.


LaTeX Warning: Label `fig:' multiply defined.

)
\openout1 = `templateBase.aux'.

LaTeX Font Info:    Checking defaults for OML/cmm/m/it on input line 21.
LaTeX Font Info:    ... okay on input line 21.
LaTeX Font Info:    Checking defaults for OMS/cmsy/m/n on input line 21.
LaTeX Font Info:    ... okay on input line 21.
LaTeX Font Info:    Checking defaults for OT1/cmr/m/n on input line 21.
LaTeX Font Info:    ... okay on input line 21.
LaTeX Font Info:    Checking defaults for T1/cmr/m/n on input line 21.
LaTeX Font Info:    ... okay on input line 21.
LaTeX Font Info:    Checking defaults for TS1/cmr/m/n on input line 21.
LaTeX Font Info:    ... okay on input line 21.
LaTeX Font Info:    Checking defaults for OMX/cmex/m/n on input line 21.
LaTeX Font Info:    ... okay on input line 21.
LaTeX Font Info:    Checking defaults for U/cmr/m/n on input line 21.
LaTeX Font Info:    ... okay on input line 21.
 (/usr/share/texlive/texmf-dist/tex/context/base/mkii/supp-pdf.mkii
[Loading MPS to PDF converter (version 2006.09.02).]
\scratchcounter=\count277
\scratchdimen=\dimen153
\scratchbox=\box54
\nofMPsegments=\count278
\nofMParguments=\count279
\everyMPshowfont=\toks23
\MPscratchCnt=\count280
\MPscratchDim=\dimen154
\MPnumerator=\count281
\makeMPintoPDFobject=\count282
\everyMPtoPDFconversion=\toks24
) (/usr/share/texlive/texmf-dist/tex/latex/epstopdf-pkg/epstopdf-base.sty
Package: epstopdf-base 2020-01-24 v2.11 Base part for package epstopdf
Package epstopdf-base Info: Redefining graphics rule for `.eps' on input line 485.
 (/usr/share/texlive/texmf-dist/tex/latex/latexconfig/epstopdf-sys.cfg
File: epstopdf-sys.cfg 2010/07/13 v1.3 Configuration of (r)epstopdf for TeX Live
))
Underfull \hbox (badness 10000) in paragraph at lines 30--32

 []

<figures/B6Mopa.jpg, id=1, 1425.325pt x 1425.325pt>
File: figures/B6Mopa.jpg Graphic file (type jpg)
<use figures/B6Mopa.jpg>
Package pdftex.def Info: figures/B6Mopa.jpg  used on input line 60.
(pdftex.def)             Requested size: 211.38832pt x 211.37541pt.
<figures/frenteB6Anotada.png, id=3, 578.16pt x 359.09157pt>
File: figures/frenteB6Anotada.png Graphic file (type png)
<use figures/frenteB6Anotada.png>
Package pdftex.def Info: figures/frenteB6Anotada.png  used on input line 70.
(pdftex.def)             Requested size: 234.8775pt x 145.88058pt.
<figures/trasB6Anotada.png, id=4, 576.65437pt x 352.31625pt>
File: figures/trasB6Anotada.png Graphic file (type png)
<use figures/trasB6Anotada.png>
Package pdftex.def Info: figures/trasB6Anotada.png  used on input line 75.
(pdftex.def)             Requested size: 234.8775pt x 143.50443pt.
<figures/Logo_UnB.png, id=5, 324.21124pt x 156.585pt>
File: figures/Logo_UnB.png Graphic file (type png)
<use figures/Logo_UnB.png>
Package pdftex.def Info: figures/Logo_UnB.png  used on input line 78.
(pdftex.def)             Requested size: 70.69347pt x 34.14322pt.
<figures/Logo_Vertical_01.png, id=6, 263.56334pt x 98.01537pt>
File: figures/Logo_Vertical_01.png Graphic file (type png)
<use figures/Logo_Vertical_01.png>
Package pdftex.def Info: figures/Logo_Vertical_01.png  used on input line 78.
(pdftex.def)             Requested size: 91.81421pt x 34.14322pt.
[1

{/var/lib/texmf/fonts/map/pdftex/updmap/pdftex.map} <./figures/Logo_UnB.png> <./figures/Logo_Vertical_01.png>]
File: figures/Logo_UnB.png Graphic file (type png)
<use figures/Logo_UnB.png>
Package pdftex.def Info: figures/Logo_UnB.png  used on input line 89.
(pdftex.def)             Requested size: 70.69347pt x 34.14322pt.
File: figures/Logo_Vertical_01.png Graphic file (type png)
<use figures/Logo_Vertical_01.png>
Package pdftex.def Info: figures/Logo_Vertical_01.png  used on input line 89.
(pdftex.def)             Requested size: 91.81421pt x 34.14322pt.
 [2 <./figures/B6Mopa.jpg> <./figures/frenteB6Anotada.png> <./figures/trasB6Anotada.png>]
File: figures/Logo_UnB.png Graphic file (type png)
<use figures/Logo_UnB.png>
Package pdftex.def Info: figures/Logo_UnB.png  used on input line 103.
(pdftex.def)             Requested size: 70.69347pt x 34.14322pt.
File: figures/Logo_Vertical_01.png Graphic file (type png)
<use figures/Logo_Vertical_01.png>
Package pdftex.def Info: figures/Logo_Vertical_01.png  used on input line 103.
(pdftex.def)             Requested size: 91.81421pt x 34.14322pt.
 [3]
<figures/MOPADiagrama.png, id=29, 834.11626pt x 682.55pt>
File: figures/MOPADiagrama.png Graphic file (type png)
<use figures/MOPADiagrama.png>
Package pdftex.def Info: figures/MOPADiagrama.png  used on input line 108.
(pdftex.def)             Requested size: 352.31625pt x 288.30418pt.
<figures/driverB6.png, id=30, 851.18pt x 447.6725pt>
File: figures/driverB6.png Graphic file (type png)
<use figures/driverB6.png>
Package pdftex.def Info: figures/driverB6.png  used on input line 119.
(pdftex.def)             Requested size: 446.26582pt x 234.71053pt.
<figures/driversFolderB6.png, id=31, 404.51125pt x 187.70125pt>
File: figures/driversFolderB6.png Graphic file (type png)
<use figures/driversFolderB6.png>
Package pdftex.def Info: figures/driversFolderB6.png  used on input line 125.
(pdftex.def)             Requested size: 164.41711pt x 76.29353pt.


LaTeX Warning: `!h' float specifier changed to `!ht'.


LaTeX Warning: `!h' float specifier changed to `!ht'.

File: figures/Logo_UnB.png Graphic file (type png)
<use figures/Logo_UnB.png>
Package pdftex.def Info: figures/Logo_UnB.png  used on input line 130.
(pdftex.def)             Requested size: 70.69347pt x 34.14322pt.
File: figures/Logo_Vertical_01.png Graphic file (type png)
<use figures/Logo_Vertical_01.png>
Package pdftex.def Info: figures/Logo_Vertical_01.png  used on input line 130.
(pdftex.def)             Requested size: 91.81421pt x 34.14322pt.
[4 <./figures/MOPADiagrama.png>]
<figures/settingUp/findMyLaser.png, id=36, 1027.58907pt x 545.78906pt>
File: figures/settingUp/findMyLaser.png Graphic file (type png)
<use figures/settingUp/findMyLaser.png>
Package pdftex.def Info: figures/settingUp/findMyLaser.png  used on input line 139.
(pdftex.def)             Requested size: 446.26582pt x 237.0249pt.
<figures/settingUp/laserFound.png, id=37, 1027.58907pt x 540.51938pt>
File: figures/settingUp/laserFound.png Graphic file (type png)
<use figures/settingUp/laserFound.png>
Package pdftex.def Info: figures/settingUp/laserFound.png  used on input line 148.
(pdftex.def)             Requested size: 446.26582pt x 234.73639pt.
<figures/settingUp/150150.png, id=38, 1027.58907pt x 540.51938pt>
File: figures/settingUp/150150.png Graphic file (type png)
<use figures/settingUp/150150.png>
Package pdftex.def Info: figures/settingUp/150150.png  used on input line 155.
(pdftex.def)             Requested size: 446.26582pt x 234.73639pt.
<figures/settingUp/EZCadConfigFile.png, id=39, 1023.825pt x 536.0025pt>
File: figures/settingUp/EZCadConfigFile.png Graphic file (type png)
<use figures/settingUp/EZCadConfigFile.png>
Package pdftex.def Info: figures/settingUp/EZCadConfigFile.png  used on input line 164.
(pdftex.def)             Requested size: 446.26582pt x 233.63356pt.
<figures/settingUp/Step1done.png, id=40, 1027.58907pt x 547.2947pt>
File: figures/settingUp/Step1done.png Graphic file (type png)
<use figures/settingUp/Step1done.png>
Package pdftex.def Info: figures/settingUp/Step1done.png  used on input line 171.
(pdftex.def)             Requested size: 446.26582pt x 237.67877pt.


./templateBase.tex:180: LaTeX Error: Unknown float option `H'.

See the LaTeX manual or LaTeX Companion for explanation.
Type  H <return>  for immediate help.
 ...                                              
                                                  
l.180 \begin{figure}[H]
                       
Option `H' ignored and `p' used.

<figures/settingUp/deviceSettings.png, id=41, 1027.58907pt x 540.51938pt>
File: figures/settingUp/deviceSettings.png Graphic file (type png)
<use figures/settingUp/deviceSettings.png>
Package pdftex.def Info: figures/settingUp/deviceSettings.png  used on input line 182.
(pdftex.def)             Requested size: 446.26582pt x 234.73639pt.

./templateBase.tex:187: LaTeX Error: Unknown float option `H'.

See the LaTeX manual or LaTeX Companion for explanation.
Type  H <return>  for immediate help.
 ...                                              
                                                  
l.187 \begin{figure}[H]
                       
Option `H' ignored and `p' used.

<figures/settingUp/paramsDevice.png, id=42, 667.74469pt x 505.89pt>
File: figures/settingUp/paramsDevice.png Graphic file (type png)
<use figures/settingUp/paramsDevice.png>
Package pdftex.def Info: figures/settingUp/paramsDevice.png  used on input line 189.
(pdftex.def)             Requested size: 446.26582pt x 338.10313pt.
File: figures/Logo_UnB.png Graphic file (type png)
<use figures/Logo_UnB.png>
Package pdftex.def Info: figures/Logo_UnB.png  used on input line 207.
(pdftex.def)             Requested size: 70.69347pt x 34.14322pt.
File: figures/Logo_Vertical_01.png Graphic file (type png)
<use figures/Logo_Vertical_01.png>
Package pdftex.def Info: figures/Logo_Vertical_01.png  used on input line 207.
(pdftex.def)             Requested size: 91.81421pt x 34.14322pt.
[5 <./figures/driverB6.png> <./figures/driversFolderB6.png>]
File: figures/Logo_UnB.png Graphic file (type png)
<use figures/Logo_UnB.png>
Package pdftex.def Info: figures/Logo_UnB.png  used on input line 207.
(pdftex.def)             Requested size: 70.69347pt x 34.14322pt.
File: figures/Logo_Vertical_01.png Graphic file (type png)
<use figures/Logo_Vertical_01.png>
Package pdftex.def Info: figures/Logo_Vertical_01.png  used on input line 207.
(pdftex.def)             Requested size: 91.81421pt x 34.14322pt.
 [6 <./figures/settingUp/findMyLaser.png> <./figures/settingUp/laserFound.png>]
File: figures/Logo_UnB.png Graphic file (type png)
<use figures/Logo_UnB.png>
Package pdftex.def Info: figures/Logo_UnB.png  used on input line 207.
(pdftex.def)             Requested size: 70.69347pt x 34.14322pt.
File: figures/Logo_Vertical_01.png Graphic file (type png)
<use figures/Logo_Vertical_01.png>
Package pdftex.def Info: figures/Logo_Vertical_01.png  used on input line 207.
(pdftex.def)             Requested size: 91.81421pt x 34.14322pt.
 [7 <./figures/settingUp/150150.png> <./figures/settingUp/EZCadConfigFIle.png>]
File: figures/Logo_UnB.png Graphic file (type png)
<use figures/Logo_UnB.png>
Package pdftex.def Info: figures/Logo_UnB.png  used on input line 207.
(pdftex.def)             Requested size: 70.69347pt x 34.14322pt.
File: figures/Logo_Vertical_01.png Graphic file (type png)
<use figures/Logo_Vertical_01.png>
Package pdftex.def Info: figures/Logo_Vertical_01.png  used on input line 207.
(pdftex.def)             Requested size: 91.81421pt x 34.14322pt.
 [8 <./figures/settingUp/Step1done.png> <./figures/settingUp/deviceSettings.png>]
File: figures/Logo_UnB.png Graphic file (type png)
<use figures/Logo_UnB.png>
Package pdftex.def Info: figures/Logo_UnB.png  used on input line 207.
(pdftex.def)             Requested size: 70.69347pt x 34.14322pt.
File: figures/Logo_Vertical_01.png Graphic file (type png)
<use figures/Logo_Vertical_01.png>
Package pdftex.def Info: figures/Logo_Vertical_01.png  used on input line 207.
(pdftex.def)             Requested size: 91.81421pt x 34.14322pt.
 [9 <./figures/settingUp/paramsDevice.png>]
File: figures/Logo_UnB.png Graphic file (type png)
<use figures/Logo_UnB.png>
Package pdftex.def Info: figures/Logo_UnB.png  used on input line 207.
(pdftex.def)             Requested size: 70.69347pt x 34.14322pt.
File: figures/Logo_Vertical_01.png Graphic file (type png)
<use figures/Logo_Vertical_01.png>
Package pdftex.def Info: figures/Logo_Vertical_01.png  used on input line 207.
(pdftex.def)             Requested size: 91.81421pt x 34.14322pt.
 [10] 
enddocument/afterlastpage: lastpage setting LastPage.
(./templateBase.aux)
 ***********
LaTeX2e <2023-11-01> patch level 1
L3 programming layer <2024-01-22>
 ***********


LaTeX Warning: There were multiply-defined labels.

 ) 
Here is how much of TeX's memory you used:
 3521 strings out of 476089
 59623 string characters out of 5793232
 1933975 words of memory out of 5000000
 25518 multiletter control sequences out of 15000+600000
 564133 words of font info for 57 fonts, out of 8000000 for 9000
 61 hyphenation exceptions out of 8191
 70i,15n,65p,705b,414s stack positions out of 10000i,1000n,20000p,200000b,200000s
 </home/melkor/.texlive2023/texmf-var/fonts/pk/ljfour/jknappen/ec/tcrm1000.600pk></usr/share/texlive/texmf-dist/fonts/type1/public/amsfonts/cm/cmbx10.pfb></usr/share/texlive/texmf-dist/fonts/type1/public/amsfonts/cm/cmbx12.pfb></usr/share/texlive/texmf-dist/fonts/type1/public/amsfonts/cm/cmr10.pfb></usr/share/texlive/texmf-dist/fonts/type1/public/amsfonts/cm/cmr12.pfb></usr/share/texlive/texmf-dist/fonts/type1/public/amsfonts/cm/cmr17.pfb></usr/share/texlive/texmf-dist/fonts/type1/public/amsfonts/cm/cmti10.pfb>
Output written on templateBase.pdf (10 pages, 1461771 bytes).
PDF statistics:
 101 PDF objects out of 1000 (max. 8388607)
 47 compressed objects within 1 object stream
 0 named destinations out of 1000 (max. 500000)
 76 words of extra memory for PDF output out of 10000 (max. 10000000)

